// Jest Snapshot v1, https://goo.gl/fbAQLP

exports[`Login form component matches snapshot 1`] = `
Array [
  <nav
    className="header"
  >
    <div
      className="header__username"
    >
      username
    </div>
    <a
      className="header__nav-link"
      href="/"
      onClick={[Function]}
    >
      Home
    </a>
    <div
      className="header__nav-link"
      onClick={[Function]}
    >
      Account
    </div>
    <a
      className="header__nav-link"
      href="/login"
      onClick={[Function]}
    >
      Login
    </a>
  </nav>,
  <p
    className="login__title"
  >
    Please enter your details below to login
  </p>,
  <div
    className="container"
  >
    <form
      className="login__form"
      onSubmit={[Function]}
    >
      <label
        htmlFor="username"
      >
        Username
      </label>
      <input
        id="username"
        onChange={[Function]}
      />
      <label
        htmlFor="email"
      >
        Email
      </label>
      <input
        id="email"
        onChange={[Function]}
      />
      <label
        htmlFor="password"
      >
        Password
      </label>
      <input
        id="password"
        onChange={[Function]}
        type="password"
      />
      <button
        className="login__form-button"
        type="submit"
      >
        Login
      </button>
    </form>
  </div>,
]
`;
